TODO:filename:5: Type error: type mismatch;
  found   : <<_:0, _:_*1>>
  required: <<_:0, _:_*8>>
there is no solution that satisfies subtype constraints
