TODO:filename:8: Type error: type mismatch;
  found   : 'foo'
  required: 0
there is no solution that satisfies subtype constraints
