test-cases/identifier_is_union_of_pid_port_ref_error.erl:-1: wrong_gen_ident: Type spec unmatch;
  success type: fun(() -> 'false')
  type spec   : fun(() -> pid() | port() | reference())
