TODO:filename:-1: Type error: type mismatch;
  found   : 'foo'
  required: number()
there is no solution that satisfies subtype constraints
