TODO:filename:6: Type error: type mismatch;
  found   : reference()
  required: pid()
there is no solution that satisfies subtype constraints
